\BOOKMARK [0][-]{chapter*.1}{\376\377\000D\000a\000n\000k\000w\000o\000o\000r\000d\000/\000V\000o\000o\000r\000w\000o\000o\000r\000d}{}% 1
\BOOKMARK [0][-]{chapter*.2}{\376\377\000S\000a\000m\000e\000n\000v\000a\000t\000t\000i\000n\000g}{}% 2
\BOOKMARK [0][-]{section*.3}{\376\377\000I\000n\000h\000o\000u\000d\000s\000o\000p\000g\000a\000v\000e}{}% 3
\BOOKMARK [0][-]{chapter.1}{\376\377\000I\000n\000l\000e\000i\000d\000i\000n\000g}{}% 4
\BOOKMARK [1][-]{section.1.1}{\376\377\000R\000e\000f\000e\000r\000e\000n\000t\000i\000e\000s}{chapter.1}% 5
\BOOKMARK [0][-]{chapter.2}{\376\377\000O\000v\000e\000r\000z\000i\000c\000h\000t\000\040\000E\000s\000t\000u\000a\000r\000i\000e\000n\000e\000\040\000N\000a\000t\000u\000u\000r\000o\000n\000t\000w\000i\000k\000k\000e\000l\000i\000n\000g\000s\000p\000r\000o\000j\000e\000c\000t\000e\000n}{}% 6
\BOOKMARK [1][-]{section.2.1}{\376\377\000O\000v\000e\000r\000z\000i\000c\000h\000t}{chapter.2}% 7
\BOOKMARK [1][-]{section.2.2}{\376\377\000R\000e\000c\000e\000n\000t\000e\000\040\000o\000n\000t\000w\000i\000k\000k\000e\000l\000i\000n\000g\000e\000n}{chapter.2}% 8
\BOOKMARK [1][-]{section.2.3}{\376\377\000R\000e\000f\000e\000r\000e\000n\000t\000i\000e\000s}{chapter.2}% 9
\BOOKMARK [0][-]{chapter.3}{\376\377\000E\000c\000o\000t\000o\000p\000e\000n}{}% 10
\BOOKMARK [1][-]{section.3.1}{\376\377\000I\000n\000l\000e\000i\000d\000i\000n\000g}{chapter.3}% 11
\BOOKMARK [1][-]{section.3.2}{\376\377\000M\000e\000t\000h\000o\000d\000o\000l\000o\000g\000i\000e}{chapter.3}% 12
\BOOKMARK [2][-]{subsection.3.2.1}{\376\377\000G\000e\000o\000m\000o\000r\000f\000o\000l\000o\000g\000i\000s\000c\000h\000e\000\040\000k\000a\000a\000r\000t}{section.3.2}% 13
\BOOKMARK [2][-]{subsection.3.2.2}{\376\377\000E\000c\000o\000t\000o\000p\000e\000n\000k\000a\000a\000r\000t}{section.3.2}% 14
\BOOKMARK [1][-]{section.3.3}{\376\377\000E\000c\000o\000t\000o\000p\000e\000n\000\040\000i\000n\000\040\000d\000e\000\040\000Z\000e\000e\000s\000c\000h\000e\000l\000d\000e}{chapter.3}% 15
\BOOKMARK [2][-]{subsection.3.3.1}{\376\377\000E\000c\000o\000t\000o\000p\000e\000n\000\040\000v\000a\000n\000\040\000d\000e\000\040\000B\000e\000n\000e\000d\000e\000n\000-\000Z\000e\000e\000s\000c\000h\000e\000l\000d\000e\000\040\000i\000n\000\040\0002\0000\0002\0003}{section.3.3}% 16
\BOOKMARK [2][-]{subsection.3.3.2}{\376\377\000E\000c\000o\000t\000o\000p\000e\000n\000\040\000v\000a\000n\000\040\000d\000e\000\040\000B\000o\000v\000e\000n\000-\000Z\000e\000e\000s\000c\000h\000e\000l\000d\000e\000\040\000i\000n\000\040\0002\0000\0002\0002}{section.3.3}% 17
\BOOKMARK [2][-]{subsection.3.3.3}{\376\377\000E\000c\000o\000t\000o\000p\000e\000n\000\040\000v\000a\000n\000\040\000R\000u\000p\000e\000l\000\040\000e\000n\000\040\000D\000u\000r\000m\000e\000\040\000i\000n\000\040\0002\0000\0002\0002}{section.3.3}% 18
\BOOKMARK [2][-]{subsection.3.3.4}{\376\377\000E\000c\000o\000t\000o\000p\000e\000n\000\040\000v\000a\000n\000\040\000d\000e\000\040\000R\000i\000n\000g\000v\000a\000a\000r\000t\000\040\000e\000n\000\040\000T\000i\000j\000a\000r\000m\000\040\000Z\000w\000i\000j\000n\000a\000a\000r\000d\000e\000\040\000i\000n\000\040\0002\0000\0002\0002}{section.3.3}% 19
\BOOKMARK [1][-]{section.3.4}{\376\377\000R\000e\000f\000e\000r\000e\000n\000t\000i\000e\000s}{chapter.3}% 20
\BOOKMARK [0][-]{chapter.4}{\376\377\000V\000e\000g\000e\000t\000a\000t\000i\000e\000k\000a\000a\000r\000t}{}% 21
\BOOKMARK [1][-]{section.4.1}{\376\377\000I\000n\000l\000e\000i\000d\000i\000n\000g}{chapter.4}% 22
\BOOKMARK [1][-]{section.4.2}{\376\377\000M\000a\000t\000e\000r\000i\000a\000a\000l\000\040\000e\000n\000\040\000m\000e\000t\000h\000o\000d\000e}{chapter.4}% 23
\BOOKMARK [2][-]{subsection.4.2.1}{\376\377\000M\000e\000t\000h\000o\000d\000i\000e\000k\000\040\000v\000e\000g\000e\000t\000a\000t\000i\000e\000k\000a\000r\000t\000e\000r\000i\000n\000g}{section.4.2}% 24
\BOOKMARK [2][-]{subsection.4.2.2}{\376\377\000V\000e\000g\000e\000t\000a\000t\000i\000e\000k\000a\000a\000r\000t\000\040\0002\0000\0001\0009\000\040\000Z\000e\000e\000s\000c\000h\000e\000l\000d\000e\000,\000\040\000D\000u\000r\000m\000e\000\040\000e\000n\000\040\000R\000u\000p\000e\000l}{section.4.2}% 25
\BOOKMARK [1][-]{section.4.3}{\376\377\000R\000e\000s\000u\000l\000t\000a\000t\000e\000n}{chapter.4}% 26
\BOOKMARK [2][-]{subsection.4.3.1}{\376\377\000A\000l\000g\000e\000m\000e\000e\000n}{section.4.3}% 27
\BOOKMARK [2][-]{subsection.4.3.2}{\376\377\000V\000e\000r\000r\000i\000e\000t\000t\000e\000n\000\040\000b\000r\000a\000k\000w\000a\000t\000e\000r\000s\000c\000h\000o\000r\000r\000e\000n\000?}{section.4.3}% 28
\BOOKMARK [2][-]{subsection.4.3.3}{\376\377\000V\000e\000r\000z\000i\000l\000t\000e\000n\000\040\000z\000o\000e\000t\000w\000a\000t\000e\000r\000s\000c\000h\000o\000r\000r\000e\000n\000?}{section.4.3}% 29
\BOOKMARK [2][-]{subsection.4.3.4}{\376\377\000M\000e\000e\000r\000\040\000p\000i\000o\000n\000i\000e\000r\000s\000\040\000o\000p\000\040\000z\000o\000e\000t\000w\000a\000t\000e\000r\000s\000c\000h\000o\000r\000r\000e\000n\000?}{section.4.3}% 30
\BOOKMARK [1][-]{section.4.4}{\376\377\000C\000o\000n\000c\000l\000u\000s\000i\000e\000s}{chapter.4}% 31
\BOOKMARK [1][-]{section.4.5}{\376\377\000R\000e\000f\000e\000r\000e\000n\000t\000i\000e\000s}{chapter.4}% 32
\BOOKMARK [0][-]{chapter.5}{\376\377\000S\000e\000d\000i\000m\000e\000n\000t\000k\000e\000n\000m\000e\000r\000k\000e\000n}{}% 33
\BOOKMARK [1][-]{section.5.1}{\376\377\000I\000n\000l\000e\000i\000d\000i\000n\000g}{chapter.5}% 34
\BOOKMARK [1][-]{section.5.2}{\376\377\000M\000a\000t\000e\000r\000i\000a\000a\000l\000\040\000e\000n\000\040\000m\000e\000t\000h\000o\000d\000e}{chapter.5}% 35
\BOOKMARK [1][-]{section.5.3}{\376\377\000R\000e\000s\000u\000l\000t\000a\000t\000e\000n}{chapter.5}% 36
\BOOKMARK [1][-]{section.5.4}{\376\377\000A\000l\000g\000e\000m\000e\000n\000e\000\040\000c\000o\000n\000c\000l\000u\000s\000i\000e}{chapter.5}% 37
\BOOKMARK [1][-]{section.5.5}{\376\377\000R\000e\000f\000e\000r\000e\000n\000t\000i\000e\000s}{chapter.5}% 38
\BOOKMARK [0][-]{chapter.6}{\376\377\000M\000a\000c\000r\000o\000z\000o\000\366\000b\000e\000n\000t\000h\000o\000s}{}% 39
\BOOKMARK [1][-]{section.6.1}{\376\377\000I\000n\000l\000e\000i\000d\000i\000n\000g}{chapter.6}% 40
\BOOKMARK [1][-]{section.6.2}{\376\377\000M\000a\000t\000e\000r\000i\000a\000a\000l\000\040\000e\000n\000\040\000m\000e\000t\000h\000o\000d\000e}{chapter.6}% 41
\BOOKMARK [2][-]{subsection.6.2.1}{\376\377\000S\000t\000a\000a\000l\000n\000a\000m\000e\000\040\000D\000e\000s\000i\000g\000n\000\040\000\046\000\040\000S\000t\000r\000a\000t\000e\000g\000i\000e}{section.6.2}% 42
\BOOKMARK [2][-]{subsection.6.2.2}{\376\377\000S\000t\000a\000a\000l\000n\000a\000m\000e}{section.6.2}% 43
\BOOKMARK [2][-]{subsection.6.2.3}{\376\377\000V\000e\000r\000w\000e\000r\000k\000i\000n\000g}{section.6.2}% 44
\BOOKMARK [1][-]{section.6.3}{\376\377\000R\000e\000s\000u\000l\000t\000a\000t\000e\000n\000\040\000m\000a\000c\000r\000o\000z\000o\000\366\000b\000e\000n\000t\000h\000o\000s\000\040\0002\0000\0002\0003}{chapter.6}% 45
\BOOKMARK [2][-]{subsection.6.3.1}{\376\377\000D\000e\000n\000s\000i\000t\000e\000i\000t}{section.6.3}% 46
\BOOKMARK [2][-]{subsection.6.3.2}{\376\377\000B\000i\000o\000m\000a\000s\000s\000a}{section.6.3}% 47
\BOOKMARK [2][-]{subsection.6.3.3}{\376\377\000S\000o\000o\000r\000t\000e\000n\000r\000i\000j\000k\000d\000o\000m}{section.6.3}% 48
\BOOKMARK [2][-]{subsection.6.3.4}{\376\377\000S\000o\000o\000r\000t\000e\000n\000d\000i\000v\000e\000r\000s\000i\000t\000e\000i\000t\000\040\000S\000h\000a\000n\000n\000o\000n\000-\000i\000n\000d\000e\000x}{section.6.3}% 49
\BOOKMARK [1][-]{section.6.4}{\376\377\000A\000l\000g\000e\000m\000e\000n\000e\000\040\000c\000o\000n\000c\000l\000u\000s\000i\000e}{chapter.6}% 50
\BOOKMARK [1][-]{section.6.5}{\376\377\000R\000e\000f\000e\000r\000e\000n\000t\000i\000e\000s}{chapter.6}% 51
\BOOKMARK [0][-]{chapter.7}{\376\377\000H\000y\000p\000e\000r\000b\000e\000n\000t\000h\000o\000s}{}% 52
\BOOKMARK [1][-]{section.7.1}{\376\377\000I\000n\000l\000e\000i\000d\000i\000n\000g}{chapter.7}% 53
\BOOKMARK [1][-]{section.7.2}{\376\377\000M\000a\000t\000e\000r\000i\000a\000a\000l\000\040\000e\000n\000\040\000m\000e\000t\000h\000o\000d\000e}{chapter.7}% 54
\BOOKMARK [2][-]{subsection.7.2.1}{\376\377\000S\000t\000r\000a\000t\000e\000g\000i\000e}{section.7.2}% 55
\BOOKMARK [2][-]{subsection.7.2.2}{\376\377\000S\000t\000a\000a\000l\000n\000a\000m\000e}{section.7.2}% 56
\BOOKMARK [2][-]{subsection.7.2.3}{\376\377\000V\000e\000r\000w\000e\000r\000k\000i\000n\000g}{section.7.2}% 57
\BOOKMARK [1][-]{section.7.3}{\376\377\000R\000e\000s\000u\000l\000t\000a\000t\000e\000n\000:\000\040\000d\000a\000t\000a\000-\000a\000n\000a\000l\000y\000s\000e\000\040\000h\000y\000p\000e\000r\000b\000e\000n\000t\000h\000o\000s}{chapter.7}% 58
\BOOKMARK [2][-]{subsection.7.3.1}{\376\377\000T\000o\000e\000t\000s\000p\000a\000r\000a\000m\000e\000t\000e\000r\000:\000\040\000A\000b\000u\000n\000d\000a\000n\000t\000i\000e}{section.7.3}% 59
\BOOKMARK [2][-]{subsection.7.3.2}{\376\377\000T\000o\000e\000t\000s\000p\000a\000r\000a\000m\000e\000t\000e\000r\000:\000\040\000B\000i\000o\000m\000a\000s\000s\000a}{section.7.3}% 60
\BOOKMARK [2][-]{subsection.7.3.3}{\376\377\000T\000o\000e\000t\000s\000p\000a\000r\000a\000m\000e\000t\000e\000r\000:\000\040\000S\000o\000o\000r\000t\000e\000n\000r\000i\000j\000k\000d\000o\000m}{section.7.3}% 61
\BOOKMARK [2][-]{subsection.7.3.4}{\376\377\000T\000o\000e\000t\000s\000p\000a\000r\000a\000m\000e\000t\000e\000r\000:\000\040\000S\000h\000a\000n\000n\000o\000n\000-\000i\000n\000d\000e\000x\000\040\000a\000b\000u\000n\000d\000a\000n\000t\000i\000e}{section.7.3}% 62
\BOOKMARK [1][-]{section.7.4}{\376\377\000A\000l\000g\000e\000m\000e\000n\000e\000\040\000c\000o\000n\000c\000l\000u\000s\000i\000e}{chapter.7}% 63
\BOOKMARK [1][-]{section.7.5}{\376\377\000R\000e\000f\000e\000r\000e\000n\000t\000i\000e\000s}{chapter.7}% 64
\BOOKMARK [0][-]{chapter.8}{\376\377\000V\000i\000s\000s\000e\000n}{}% 65
\BOOKMARK [1][-]{section.8.1}{\376\377\000I\000n\000l\000e\000i\000d\000i\000n\000g}{chapter.8}% 66
\BOOKMARK [1][-]{section.8.2}{\376\377\000M\000a\000t\000e\000r\000i\000a\000a\000l\000\040\000e\000n\000\040\000M\000e\000t\000h\000o\000d\000e}{chapter.8}% 67
\BOOKMARK [2][-]{subsection.8.2.1}{\376\377\000A\000n\000k\000e\000r\000k\000u\000i\000l}{section.8.2}% 68
\BOOKMARK [2][-]{subsection.8.2.2}{\376\377\000F\000u\000i\000k\000v\000i\000s\000s\000e\000r\000i\000j}{section.8.2}% 69
\BOOKMARK [2][-]{subsection.8.2.3}{\376\377\000E\000M\000S\000E\000\040\000e\000v\000a\000l\000u\000a\000t\000i\000e}{section.8.2}% 70
\BOOKMARK [2][-]{subsection.8.2.4}{\376\377\000B\000e\000p\000a\000l\000e\000n\000\040\000v\000a\000n\000\040\000d\000e\000\040\000v\000i\000s\000i\000n\000d\000e\000x}{section.8.2}% 71
\BOOKMARK [1][-]{section.8.3}{\376\377\000R\000e\000s\000u\000l\000t\000a\000t\000e\000n}{chapter.8}% 72
\BOOKMARK [2][-]{subsection.8.3.1}{\376\377\000A\000n\000k\000e\000r\000k\000u\000i\000l}{section.8.3}% 73
\BOOKMARK [2][-]{subsection.8.3.2}{\376\377\000F\000u\000i\000k\000e\000n}{section.8.3}% 74
\BOOKMARK [1][-]{section.8.4}{\376\377\000A\000l\000g\000e\000m\000e\000n\000e\000\040\000c\000o\000n\000c\000l\000u\000s\000i\000e\000s}{chapter.8}% 75
\BOOKMARK [2][-]{subsection.8.4.1}{\376\377\000A\000f\000v\000i\000s\000s\000i\000n\000g\000e\000n\000\040\000i\000n\000\040\0002\0000\0002\0004}{section.8.4}% 76
\BOOKMARK [2][-]{subsection.8.4.2}{\376\377\000A\000l\000g\000e\000m\000e\000n\000e\000\040\000k\000e\000n\000m\000e\000r\000k\000e\000n\000\040\000v\000a\000n\000\040\000d\000e\000\040\000Z\000e\000e\000s\000c\000h\000e\000l\000d\000e\000\040\000p\000o\000p\000u\000l\000a\000t\000i\000e\000s}{section.8.4}% 77
\BOOKMARK [2][-]{subsection.8.4.3}{\376\377\000A\000n\000k\000e\000r\000k\000u\000i\000l\000\040\000v\000e\000r\000s\000u\000s\000\040\000f\000u\000i\000k\000r\000e\000s\000u\000l\000t\000a\000t\000e\000n}{section.8.4}% 78
\BOOKMARK [2][-]{subsection.8.4.4}{\376\377\000E\000M\000S\000E\000\040\000m\000e\000t\000h\000o\000d\000i\000e\000k}{section.8.4}% 79
\BOOKMARK [1][-]{section.8.5}{\376\377\000R\000e\000f\000e\000r\000e\000n\000t\000i\000e\000s}{chapter.8}% 80
\BOOKMARK [1][-]{section.8.6}{\376\377\000B\000i\000j\000l\000a\000g\000e}{chapter.8}% 81
\BOOKMARK [0][-]{chapter.9}{\376\377\000W\000a\000t\000e\000r\000v\000o\000g\000e\000l\000s}{}% 82
\BOOKMARK [1][-]{section.9.1}{\376\377\000I\000n\000l\000e\000i\000d\000i\000n\000g}{chapter.9}% 83
\BOOKMARK [1][-]{section.9.2}{\376\377\000M\000a\000t\000e\000r\000i\000a\000a\000l\000\040\000e\000n\000\040\000m\000e\000t\000h\000o\000d\000e}{chapter.9}% 84
\BOOKMARK [1][-]{section.9.3}{\376\377\000E\000x\000p\000l\000o\000r\000a\000t\000i\000e\000v\000e\000\040\000d\000a\000t\000a\000-\000a\000n\000a\000l\000y\000s\000e\000\040\000w\000a\000t\000e\000r\000v\000o\000g\000e\000l\000a\000a\000n\000t\000a\000l\000l\000e\000n}{chapter.9}% 85
\BOOKMARK [1][-]{section.9.4}{\376\377\000O\000v\000e\000r\000w\000i\000n\000t\000e\000r\000e\000n\000d\000e\000\040\000w\000a\000t\000e\000r\000v\000o\000g\000e\000l\000s\000\040\000i\000n\000\040\000g\000e\000b\000i\000e\000d\000e\000n\000\040\000m\000e\000t\000\040\000e\000s\000t\000u\000a\000r\000i\000e\000n\000e\000\040\000n\000a\000t\000u\000u\000r\000o\000n\000t\000w\000i\000k\000k\000e\000l\000i\000n\000g}{chapter.9}% 86
\BOOKMARK [1][-]{section.9.5}{\376\377\000A\000l\000g\000e\000m\000e\000n\000e\000\040\000c\000o\000n\000c\000l\000u\000s\000i\000e}{chapter.9}% 87
\BOOKMARK [1][-]{section.9.6}{\376\377\000R\000e\000f\000e\000r\000e\000n\000t\000i\000e\000s}{chapter.9}% 88
\BOOKMARK [0][-]{chapter.10}{\376\377\000B\000r\000o\000e\000d\000v\000o\000g\000e\000l\000s}{}% 89
\BOOKMARK [1][-]{section.10.1}{\376\377\000I\000n\000l\000e\000i\000d\000i\000n\000g}{chapter.10}% 90
\BOOKMARK [1][-]{section.10.2}{\376\377\000M\000a\000t\000e\000r\000i\000a\000a\000l\000\040\000e\000n\000\040\000m\000e\000t\000h\000o\000d\000e}{chapter.10}% 91
\BOOKMARK [2][-]{subsection.10.2.1}{\376\377\000S\000t\000u\000d\000i\000e\000g\000e\000b\000i\000e\000d}{section.10.2}% 92
\BOOKMARK [2][-]{subsection.10.2.2}{\376\377\000D\000a\000t\000a\000v\000e\000r\000z\000a\000m\000e\000l\000i\000n\000g}{section.10.2}% 93
\BOOKMARK [2][-]{subsection.10.2.3}{\376\377\000E\000x\000p\000l\000o\000r\000a\000t\000i\000e\000v\000e\000\040\000d\000a\000t\000a\000-\000a\000n\000a\000l\000y\000s\000e}{section.10.2}% 94
\BOOKMARK [1][-]{section.10.3}{\376\377\000R\000e\000s\000u\000l\000t\000a\000t\000e\000n}{chapter.10}% 95
\BOOKMARK [2][-]{subsection.10.3.1}{\376\377\000Z\000e\000l\000d\000z\000a\000m\000e\000\040\000s\000o\000o\000r\000t\000e\000n}{section.10.3}% 96
\BOOKMARK [2][-]{subsection.10.3.2}{\376\377\000A\000l\000g\000e\000m\000e\000n\000e\000r\000e\000\040\000s\000o\000o\000r\000t\000e\000n}{section.10.3}% 97
\BOOKMARK [1][-]{section.10.4}{\376\377\000C\000o\000n\000c\000l\000u\000s\000i\000e}{chapter.10}% 98
\BOOKMARK [1][-]{section.10.5}{\376\377\000R\000e\000f\000e\000r\000e\000n\000t\000i\000e\000s}{chapter.10}% 99
\BOOKMARK [0][-]{chapter.11}{\376\377\000Z\000o\000o\000g\000d\000i\000e\000r\000e\000n}{}% 100
\BOOKMARK [1][-]{section.11.1}{\376\377\000I\000n\000l\000e\000i\000d\000i\000n\000g}{chapter.11}% 101
\BOOKMARK [1][-]{section.11.2}{\376\377\000M\000a\000t\000e\000r\000i\000a\000a\000l\000\040\000e\000n\000\040\000m\000e\000t\000h\000o\000d\000e}{chapter.11}% 102
\BOOKMARK [1][-]{section.11.3}{\376\377\000R\000e\000s\000u\000l\000t\000a\000t\000e\000n}{chapter.11}% 103
\BOOKMARK [2][-]{subsection.11.3.1}{\376\377\000O\000v\000e\000r\000z\000i\000c\000h\000t\000\040\000v\000a\000n\000\040\000d\000e\000\040\000w\000a\000a\000r\000n\000e\000m\000i\000n\000g\000n\000\040\000s\000i\000n\000d\000s\000\040\0002\0000\0001\0000}{section.11.3}% 104
\BOOKMARK [2][-]{subsection.11.3.2}{\376\377\000O\000v\000e\000r\000z\000i\000c\000h\000t\000\040\000w\000a\000a\000r\000n\000e\000m\000i\000n\000g\000e\000n\000\040\0002\0000\0002\0003}{section.11.3}% 105
\BOOKMARK [1][-]{section.11.4}{\376\377\000D\000i\000s\000c\000u\000s\000s\000i\000e}{chapter.11}% 106
\BOOKMARK [1][-]{section.11.5}{\376\377\000R\000e\000f\000e\000r\000e\000n\000t\000i\000e\000s}{chapter.11}% 107
\BOOKMARK [0][-]{chapter.12}{\376\377\000S\000e\000d\000i\000m\000e\000n\000t\000a\000t\000i\000e\000\040\000e\000n\000\040\00